
python agent.py
exit
Last login: Wed May  4 12:04:58 from chaoqun
[upuser@Smb ~]$ python agent.py
201
æ–‡ä»¶è·¯å¾„ï¼š /home/upuser
æ–‡ä»¶åˆå§‹åä¸ºï¼šbackup-93-2016-05-04
æ–‡ä»¶ä¿®æ”¹åä¸ºï¼šbackup-201-2016-05-04
æ–‡ä»¶å·²ç»ç§»åŠ¨è‡³IPç›®å½•ä¸‹
æ–‡ä»¶åˆå§‹åä¸ºï¼šbackup
æ–‡ä»¶ä¿®æ”¹åä¸ºï¼šbackup-201-2016-05-04
æ–‡ä»¶å·²ç»å­˜åœ¨ï¼Œæˆ–è€…ä¹‹å‰æ‰§è¡Œè¿‡ä¸€æ¬¡è„šæœ¬ã€‚å¯¼è‡´é‡å‘½åé”™è¯¯ï¼ŒæŠ¥é”™ä¿¡æ¯è¯·æŸ¥çœ‹æ—¥å¿—ä¿¡æ¯
åˆ›å»ºå¤‡ä»½ç›®å½•backup
[upuser@Smb ~]$ exit
ç™»å‡º

ç¨‹åºæ‰§è¡Œæ—¶é—´:21.566719 s
============================================
â†’â˜†â†’â˜†â†’â˜†â†’â˜†â†’è„šæœ¬è¿è¡Œç»“æŸâ†â˜…â†â˜…â†â˜…â†â˜…â†â˜…â†=
============================================


ç¨‹åºæ‰§è¡Œæ—¶é—´:76.622576 s
============================================
â†’â˜†â†’â˜†â†’â˜†â†’â˜†â†’è„šæœ¬è¿è¡Œç»“æŸâ†â˜…â†â˜…â†â˜…â†â˜…â†â˜…â†=
============================================

Last login: Mon May  2 14:12:44 from chaoqun
[upuser@Smb ~]$ 201
æ–‡ä»¶å·²ç»å­˜åœ¨
æ–‡ä»¶è·¯å¾„ï¼š /home/upuser
æ–‡ä»¶åˆå§‹åä¸ºï¼šbackup-93-2016-05-02
æ–‡ä»¶ä¿®æ”¹åä¸ºï¼šbackup-201-2016-05-03
æ–‡ä»¶å·²ç»ç§»åŠ¨è‡³IPç›®å½•ä¸‹
æ–‡ä»¶åˆå§‹åä¸ºï¼šbackup
æ–‡ä»¶ä¿®æ”¹åä¸ºï¼šbackup-201-2016-05-03
æ–‡ä»¶å·²ç»å­˜åœ¨ï¼Œæˆ–è€…ä¹‹å‰æ‰§è¡Œè¿‡ä¸€æ¬¡è„šæœ¬ã€‚å¯¼è‡´é‡å‘½åé”™è¯¯ï¼ŒæŠ¥é”™ä¿¡æ¯è¯·æŸ¥çœ‹æ—¥å¿—ä¿¡æ¯
åˆ›å»ºå¤‡ä»½ç›®å½•backup
[upuser@Smb ~]$ ç™»å‡º

ç¨‹åºæ‰§è¡Œæ—¶é—´:36.255112 s
============================================
â†’â˜†â†’â˜†â†’â˜†â†’â˜†â†’è„šæœ¬è¿è¡Œç»“æŸâ†â˜…â†â˜…â†â˜…â†â˜…â†â˜…â†=
============================================

Last login: Tue May  3 14:22:38 from bogon
[upuser@Smb ~]$ 201
æ–‡ä»¶å·²ç»å­˜åœ¨
æ–‡ä»¶è·¯å¾„ï¼š /home/upuser
æ–‡ä»¶åˆå§‹åä¸ºï¼šbackup-201-2016-05-04
æ–‡ä»¶ä¿®æ”¹åä¸ºï¼šbackup-201-2016-05-03
æ–‡ä»¶å·²ç»ç§»åŠ¨è‡³IPç›®å½•ä¸‹
æ–‡ä»¶åˆå§‹åä¸ºï¼šbackup
æ–‡ä»¶ä¿®æ”¹åä¸ºï¼šbackup-201-2016-05-03
æ–‡ä»¶å·²ç»å­˜åœ¨ï¼Œæˆ–è€…ä¹‹å‰æ‰§è¡Œè¿‡ä¸€æ¬¡è„šæœ¬ã€‚å¯¼è‡´é‡å‘½åé”™è¯¯ï¼ŒæŠ¥é”™ä¿¡æ¯è¯·æŸ¥çœ‹æ—¥å¿—ä¿¡æ¯
åˆ›å»ºå¤‡ä»½ç›®å½•backup
[upuser@Smb ~]$ ç™»å‡º

ç¨‹åºæ‰§è¡Œæ—¶é—´:36.334182 s
============================================
â†’â˜†â†’â˜†â†’â˜†â†’â˜†â†’è„šæœ¬è¿è¡Œç»“æŸâ†â˜…â†â˜…â†â˜…â†â˜…â†â˜…â†=
============================================

Last login: Tue May  3 14:25:37 from bogon
[upuser@Smb ~]$ 201
æ–‡ä»¶å·²ç»å­˜åœ¨
æ–‡ä»¶è·¯å¾„ï¼š /home/upuser
æ–‡ä»¶åˆå§‹åä¸ºï¼šbackup
æ–‡ä»¶ä¿®æ”¹åä¸ºï¼šbackup-201-2016-05-03
backup
åˆ›å»ºç›®å½•æˆåŠŸandå·²ç»å­˜åœ¨
[upuser@Smb ~]$ ç™»å‡º

ç¨‹åºæ‰§è¡Œæ—¶é—´:41.887668 s
============================================
â†’â˜†â†’â˜†â†’â˜†â†’â˜†â†’è„šæœ¬è¿è¡Œç»“æŸâ†â˜…â†â˜…â†â˜…â†â˜…â†â˜…â†=
============================================

Last login: Tue May  3 12:24:48 from bogon
[upuser@Smb ~]$ 201
æ–‡ä»¶å·²ç»å­˜åœ¨
æ–‡ä»¶è·¯å¾„ï¼š /home/upuser
æ–‡ä»¶åˆå§‹åä¸ºï¼šbackup
æ–‡ä»¶ä¿®æ”¹åä¸ºï¼šbackup-201-2016-05-05
æ–‡ä»¶å·²ç»ç§»åŠ¨è‡³IPç›®å½•ä¸‹
backup
åˆ›å»ºç›®å½•æˆåŠŸandå·²ç»å­˜åœ¨
[upuser@Smb ~]$ ç™»å‡º

ç¨‹åºæ‰§è¡Œæ—¶é—´:40.785606 s
============================================
â†’â˜†â†’â˜†â†’â˜†â†’â˜†â†’è„šæœ¬è¿è¡Œç»“æŸâ†â˜…â†â˜…â†â˜…â†â˜…â†â˜…â†=
============================================

Last login: Wed May  4 14:38:06 from chaoqun
[upuser@Smb ~]$ 93
æ–‡ä»¶å·²ç»å­˜åœ¨
æ–‡ä»¶è·¯å¾„ï¼š /home/upuser
æ–‡ä»¶åˆå§‹åä¸ºï¼šbackup
æ–‡ä»¶ä¿®æ”¹åä¸ºï¼šbackup-93-2016-05-04
æ–‡ä»¶å·²ç»å­˜åœ¨ï¼Œæˆ–è€…ä¹‹å‰æ‰§è¡Œè¿‡ä¸€æ¬¡è„šæœ¬ã€‚å¯¼è‡´é‡å‘½åé”™è¯¯ï¼ŒæŠ¥é”™ä¿¡æ¯è¯·æŸ¥çœ‹æ—¥å¿—ä¿¡æ¯
åˆ›å»ºå¤‡ä»½ç›®å½•backup
[upuser@Smb ~]$ ç™»å‡º

ç¨‹åºæ‰§è¡Œæ—¶é—´:35.740121 s
============================================
â†’â˜†â†’â˜†â†’â˜†â†’â˜†â†’è„šæœ¬è¿è¡Œç»“æŸâ†â˜…â†â˜…â†â˜…â†â˜…â†â˜…â†=
============================================

Last login: Wed May  4 14:39:24 from bogon
[upuser@Smb ~]$ 93
æ–‡ä»¶å·²ç»å­˜åœ¨
æ–‡ä»¶è·¯å¾„ï¼š /home/upuser
æ–‡ä»¶åˆå§‹åä¸ºï¼šbackup
æ–‡ä»¶ä¿®æ”¹åä¸ºï¼šbackup-93-2016-05-04
æ–‡ä»¶å·²ç»ç§»åŠ¨è‡³IPç›®å½•ä¸‹
backup
åˆ›å»ºç›®å½•æˆåŠŸandå·²ç»å­˜åœ¨
[upuser@Smb ~]$ ç™»å‡º

ç¨‹åºæ‰§è¡Œæ—¶é—´:45.971032 s
============================================
â†’â˜†â†’â˜†â†’â˜†â†’â˜†â†’è„šæœ¬è¿è¡Œç»“æŸâ†â˜…â†â˜…â†â˜…â†â˜…â†â˜…â†=
============================================

python agent.py
exit
Last login: Wed May  4 14:44:26 from bogon
[upuser@Smb ~]$ python agent.py
201
æ–‡ä»¶å·²ç»å­˜åœ¨
æ–‡ä»¶è·¯å¾„ï¼š /home/upuser
æ–‡ä»¶åˆå§‹åä¸ºï¼šbackup
æ–‡ä»¶ä¿®æ”¹åä¸ºï¼šbackup-201-2016-05-04
æ–‡ä»¶å·²ç»ç§»åŠ¨è‡³IPç›®å½•ä¸‹
backup
åˆ›å»ºç›®å½•æˆåŠŸandå·²ç»å­˜åœ¨
[upuser@Smb ~]$ exit
ç™»å‡º

ç¨‹åºæ‰§è¡Œæ—¶é—´:46.977228 s
============================================
â†’â˜†â†’â˜†â†’â˜†â†’â˜†â†’è„šæœ¬è¿è¡Œç»“æŸâ†â˜…â†â˜…â†â˜…â†â˜…â†â˜…â†=
============================================

Last login: Sat May  7 12:20:07 from chaoqun
[upuser@Smb ~]$ 201
æ–‡ä»¶å·²ç»å­˜åœ¨
æ–‡ä»¶è·¯å¾„ï¼š /home/upuser
æ–‡ä»¶åˆå§‹åä¸ºï¼šbackup
æ–‡ä»¶ä¿®æ”¹åä¸ºï¼šbackup-201-2016-05-07
æ–‡ä»¶å·²ç»ç§»åŠ¨è‡³IPç›®å½•ä¸‹
backup
åˆ›å»ºç›®å½•æˆåŠŸandå·²ç»å­˜åœ¨
[upuser@Smb ~]$ ç™»å‡º

ç¨‹åºæ‰§è¡Œæ—¶é—´:31.465493 s
============================================
â†’â˜†â†’â˜†â†’â˜†â†’â˜†â†’è„šæœ¬è¿è¡Œç»“æŸâ†â˜…â†â˜…â†â˜…â†â˜…â†â˜…â†=
============================================

Last login: Sat May  7 12:25:18 from chaoqun
[upuser@Smb ~]$ 201
æ–‡ä»¶å·²ç»å­˜åœ¨
æ–‡ä»¶è·¯å¾„ï¼š /home/upuser
æ–‡ä»¶åˆå§‹åä¸ºï¼šbackup
æ–‡ä»¶ä¿®æ”¹åä¸ºï¼šbackup-201-2016-05-07
æ–‡ä»¶å·²ç»ç§»åŠ¨è‡³IPç›®å½•ä¸‹
backup
åˆ›å»ºç›®å½•æˆåŠŸandå·²ç»å­˜åœ¨
[upuser@Smb ~]$ ç™»å‡º

ç¨‹åºæ‰§è¡Œæ—¶é—´:78.610131 s
============================================
â†’â˜†â†’â˜†â†’â˜†â†’â˜†â†’è„šæœ¬è¿è¡Œç»“æŸâ†â˜…â†â˜…â†â˜…â†â˜…â†â˜…â†=
============================================

Last login: Sat May  7 12:41:43 from chaoqun
[upuser@Smb ~]$ 201
æ–‡ä»¶è·¯å¾„ï¼š /home/upuser
æ–‡ä»¶åˆå§‹åä¸ºï¼šbackup
æ–‡ä»¶ä¿®æ”¹åä¸ºï¼šbackup-201-2016-05-04
æ–‡ä»¶å·²ç»ç§»åŠ¨è‡³IPç›®å½•ä¸‹
backup
åˆ›å»ºç›®å½•æˆåŠŸandå·²ç»å­˜åœ¨
[upuser@Smb ~]$ ç™»å‡º

ç¨‹åºæ‰§è¡Œæ—¶é—´:111.817531 s
============================================
â†’â˜†â†’â˜†â†’â˜†â†’â˜†â†’è„šæœ¬è¿è¡Œç»“æŸâ†â˜…â†â˜…â†â˜…â†â˜…â†â˜…â†=
============================================

Last login: Wed May  4 15:36:04 from bogon
[upuser@Smb ~]$ 201
æ–‡ä»¶å·²ç»å­˜åœ¨
æ–‡ä»¶è·¯å¾„ï¼š /home/upuser
æ–‡ä»¶åˆå§‹åä¸ºï¼šbackup
æ–‡ä»¶ä¿®æ”¹åä¸ºï¼šbackup-201-2016-05-05
æ–‡ä»¶å·²ç»ç§»åŠ¨è‡³IPç›®å½•ä¸‹!!!!
backup
åˆ›å»ºç›®å½•æˆåŠŸandå·²ç»å­˜åœ¨
[upuser@Smb ~]$ ç™»å‡º

ç¨‹åºæ‰§è¡Œæ—¶é—´:67.877675 s
============================================
â†’â˜†â†’â˜†â†’â˜†â†’â˜†â†’è„šæœ¬è¿è¡Œç»“æŸâ†â˜…â†â˜…â†â˜…â†â˜…â†â˜…â†=
============================================

Last login: Sun May  8 14:15:52 from chaoqun
[root@Smb ~]# [root@Smb upuser]# 201
/Backup/201
æ–‡ä»¶è·¯å¾„ï¼š /home/upuser
æ–‡ä»¶åˆå§‹åä¸ºï¼šbackup
æ–‡ä»¶ä¿®æ”¹åä¸ºï¼šbackup-201-2016-05-05
æ–‡ä»¶å·²ç»ç§»åŠ¨è‡³å¤‡ä»½ç›®å½•ä¸‹!!!!
backup
åˆ›å»ºç›®å½•æˆåŠŸandå·²ç»å­˜åœ¨
[root@Smb upuser]# ç™»å‡º

ç¨‹åºæ‰§è¡Œæ—¶é—´:95.186795 s
============================================
â†’â˜†â†’â˜†â†’â˜†â†’â˜†â†’è„šæœ¬è¿è¡Œç»“æŸâ†â˜…â†â˜…â†â˜…â†â˜…â†â˜…â†=
============================================

cd /home/upuser
./agent.py 
exit
Last failed login: Sun May  8 13:18:19 CST 2016 from chaoqun on pts/3
There was 1 failed login attempt since the last successful login.
Last login: Thu May  5 14:28:27 from 192.168.1.10
[root@Smb ~]# cd /home/upuser
[root@Smb upuser]# ./agent.py 
201
æ–‡ä»¶å·²ç»å­˜åœ¨
æ–‡ä»¶è·¯å¾„ï¼š /home/upuser
æ–‡ä»¶åˆå§‹åä¸ºï¼šbackup
æ–‡ä»¶ä¿®æ”¹åä¸ºï¼šbackup-201-2016-05-06
æ–‡ä»¶å·²ç»ç§»åŠ¨è‡³å¤‡ä»½ç›®å½•ä¸‹!!!!
backup
åˆ›å»ºç›®å½•æˆåŠŸandå·²ç»å­˜åœ¨
[root@Smb upuser]# exit
ç™»å‡º

ç¨‹åºæ‰§è¡Œæ—¶é—´:79.544179 s
============================================
â†’â˜†â†’â˜†â†’â˜†â†’â˜†â†’è„šæœ¬è¿è¡Œç»“æŸâ†â˜…â†â˜…â†â˜…â†â˜…â†â˜…â†=
============================================

cd /home/svnback
./agent.py 
exit
Last login: Fri May  6 10:50:19 from 192.168.1.93
[root@backdata ~]# cd /home/svnback
[root@backdata svnback]# ./agent.py 
201
/svn_backup/201
æ–‡ä»¶è·¯å¾„ï¼š /home/svnback
æ–‡ä»¶åˆå§‹åä¸ºï¼šbackup
æ–‡ä»¶ä¿®æ”¹åä¸ºï¼šbackup-201-2016-05-06
æ–‡ä»¶å·²ç»ç§»åŠ¨è‡³å¤‡ä»½ç›®å½•ä¸‹!!!!
backup
åˆ›å»ºç›®å½•æˆåŠŸandå·²ç»å­˜åœ¨
òroot@backdata svnback]# exit
logout

ç¨‹åºæ‰§è¡Œæ—¶é—´:53.199105 s
============================================
â†’â˜†â†’â˜†â†’â˜†â†’â˜†â†’è„šæœ¬è¿è¡Œç»“æŸâ†â˜…â†â˜…â†â˜…â†â˜…â†â˜…â†=
============================================

cd /home/svnback
./agent.py 
exit
Last login: Fri May  6 10:55:51 from 192.168.1.201
[root@backdata ~]# cd /home/svnback
[root@backdata svnback]# ./agent.py 
201
/svn_backup/201
æ–‡ä»¶è·¯å¾„ï¼š /home/svnback
æ–‡ä»¶åˆå§‹åä¸ºï¼šbackup
æ–‡ä»¶ä¿®æ”¹åä¸ºï¼šbackup-201-2016-05-06
æ–‡ä»¶å·²ç»ç§»åŠ¨è‡³å¤‡ä»½ç›®å½•ä¸‹!!!!
backup
åˆ›å»ºç›®å½•æˆåŠŸandå·²ç»å­˜åœ¨

ç¨‹åºæ‰§è¡Œæ—¶é—´:51.637179 s
============================================
â†’â˜†â†’â˜†â†’â˜†â†’â˜†â†’è„šæœ¬è¿è¡Œç»“æŸâ†â˜…â†â˜…â†â˜…â†â˜…â†â˜…â†=
============================================

cd /home/svnback
./agent.py 
exit
Last login: Fri May  6 18:16:28 from 192.168.1.10
[root@backdata ~]# cd /home/svnback
[root@backdata svnback]# ./agent.py 
201
æ–‡ä»¶å·²ç»å­˜åœ¨
æ–‡ä»¶è·¯å¾„ï¼š /home/svnback
æ–‡ä»¶åˆå§‹åä¸ºï¼šbackup
æ–‡ä»¶ä¿®æ”¹åä¸ºï¼šbackup-201-2016-05-07
æ–‡ä»¶å·²ç»ç§»åŠ¨è‡³å¤‡ä»½ç›®å½•ä¸‹!!!!
backup
åˆ›å»ºç›®å½•æˆåŠŸandå·²ç»å­˜åœ¨
òroot@backdata svnback]# exit
logout

ç¨‹åºæ‰§è¡Œæ—¶é—´:60.330326 s
============================================
â†’â˜†â†’â˜†â†’â˜†â†’â˜†â†’è„šæœ¬è¿è¡Œç»“æŸâ†â˜…â†â˜…â†â˜…â†â˜…â†â˜…â†=
============================================

cd /home/svnback
./agent.py 
exit
Last login: Sat May  7 00:11:11 from 192.168.1.201
[root@backdata ~]# cd /home/svnback
[root@backdata svnback]# ./agent.py 
201
æ–‡ä»¶å·²ç»å­˜åœ¨
æ–‡ä»¶è·¯å¾„ï¼š /home/svnback
æ–‡ä»¶åˆå§‹åä¸ºï¼šbackup
æ–‡ä»¶ä¿®æ”¹åä¸ºï¼šbackup-201-2016-05-08
æ–‡ä»¶å·²ç»ç§»åŠ¨è‡³å¤‡ä»½ç›®å½•ä¸‹!!!!
backup
åˆ›å»ºç›®å½•æˆåŠŸandå·²ç»å­˜åœ¨
[root@backdata svnback]# exit
logout

ç¨‹åºæ‰§è¡Œæ—¶é—´:55.527362 s
============================================
â†’â˜†â†’â˜†â†’â˜†â†’â˜†â†’è„šæœ¬è¿è¡Œç»“æŸâ†â˜…â†â˜…â†â˜…â†â˜…â†â˜…â†=
============================================

cd /home/svnback
./agent.py 
exit
Last login: Sun May  8 00:11:05 from 192.168.1.201
[root@backdata ~]# cd /home/svnback
[root@backdata svnback]# ./agent.py 
201
æ–‡ä»¶å·²ç»å­˜åœ¨
æ–‡ä»¶è·¯å¾„ï¼š /home/svnback
æ–‡ä»¶åˆå§‹åä¸ºï¼šbackup
æ–‡ä»¶ä¿®æ”¹åä¸ºï¼šbackup-201-2016-05-09
æ–‡ä»¶å·²ç»ç§»åŠ¨è‡³å¤‡ä»½ç›®å½•ä¸‹!!!!
backup
åˆ›å»ºç›®å½•æˆåŠŸandå·²ç»å­˜åœ¨
[root@backdata svnback]# exit
logout

ç¨‹åºæ‰§è¡Œæ—¶é—´:58.008208 s
============================================
â†’â˜†â†’â˜†â†’â˜†â†’â˜†â†’è„šæœ¬è¿è¡Œç»“æŸâ†â˜…â†â˜…â†â˜…â†â˜…â†â˜…â†=
============================================

cd /home/svnback
./agent.py 
exit
Last login: Mon May  9 14:58:07 from 192.168.1.93
[root@backdata ~]# cd /home/svnback
[root@backdata svnback]# ./agent.py 
201
æ–‡ä»¶å·²ç»å­˜åœ¨
æ–‡ä»¶è·¯å¾„ï¼š /home/svnback
æ–‡ä»¶åˆå§‹åä¸ºï¼šbackup
æ–‡ä»¶ä¿®æ”¹åä¸ºï¼šbackup-201-2016-05-10
æ–‡ä»¶å·²ç»ç§»åŠ¨è‡³å¤‡ä»½ç›®å½•ä¸‹!!!!
backup
åˆ›å»ºç›®å½•æˆåŠŸandå·²ç»å­˜åœ¨
[root@backdata svnback]# exit
ogout

ç¨‹åºæ‰§è¡Œæ—¶é—´:56.702238 s
============================================
â†’â˜†â†’â˜†â†’â˜†â†’â˜†â†’è„šæœ¬è¿è¡Œç»“æŸâ†â˜…â†â˜…â†â˜…â†â˜…â†â˜…â†=
============================================

Last login: Tue May 10 11:08:27 from 192.168.1.10
[root@backdata ~]# [root@backdata svnback]# 201
æ–‡ä»¶å·²ç»å­˜åœ¨
æ–‡ä»¶è·¯å¾„ï¼š /home/svnback
æ–‡ä»¶åˆå§‹åä¸ºï¼šbackup
æ–‡ä»¶ä¿®æ”¹åä¸ºï¼šbackup-201-2016-05-11
æ–‡ä»¶å·²ç»ç§»åŠ¨è‡³å¤‡ä»½ç›®å½•ä¸‹!!!!
backup
åˆ›å»ºç›®å½•æˆåŠŸandå·²ç»å­˜åœ¨
òroot@backdata svnback]# logout

ç¨‹åºæ‰§è¡Œæ—¶é—´:56.564686 s
============================================
â†’â˜†â†’â˜†â†’â˜†â†’â˜†â†’è„šæœ¬è¿è¡Œç»“æŸâ†â˜…â†â˜…â†â˜…â†â˜…â†â˜…â†=
============================================

cd /home/svnback
./agent.py 
exit
Last login: Wed May 11 16:13:46 from 192.168.1.10
[root@backdata ~]# cd /home/svnback
[root@backdata svnback]# ./agent.py 
201
æ–‡ä»¶å·²ç»å­˜åœ¨
æ–‡ä»¶è·¯å¾„ï¼š /home/svnback
æ–‡ä»¶åˆå§‹åä¸ºï¼šbackup
æ–‡ä»¶ä¿®æ”¹åä¸ºï¼šbackup-201-2016-05-12
æ–‡ä»¶å·²ç»ç§»åŠ¨è‡³å¤‡ä»½ç›®å½•ä¸‹!!!!
backup
åˆ›å»ºç›®å½•æˆåŠŸandå·²ç»å­˜åœ¨
[root@backdata svnback]# exit
logout

ç¨‹åºæ‰§è¡Œæ—¶é—´:57.111411 s
============================================
â†’â˜†â†’â˜†â†’â˜†â†’â˜†â†’è„šæœ¬è¿è¡Œç»“æŸâ†â˜…â†â˜…â†â˜…â†â˜…â†â˜…â†=
============================================

cd /home/svnback
./agent.py 
exit
Last login: Thu May 12 15:37:59 from 192.168.1.93
[root@backdata ~]# cd /home/svnback
[root@backdata svnback]# ./agent.py 
201
æ–‡ä»¶å·²ç»å­˜åœ¨
æ–‡ä»¶è·¯å¾„ï¼š /home/svnback
æ–‡ä»¶åˆå§‹åä¸ºï¼šbackup
æ–‡ä»¶ä¿®æ”¹åä¸ºï¼šbackup-201-2016-05-12
æ–‡ä»¶å·²ç»ç§»åŠ¨è‡³å¤‡ä»½ç›®å½•ä¸‹!!!!
backup
åˆ›å»ºç›®å½•æˆåŠŸandå·²ç»å­˜åœ¨
òroot@backdata svnback]# exit
logout

ç¨‹åºæ‰§è¡Œæ—¶é—´:86.756092 s
============================================
â†’â˜†â†’â˜†â†’â˜†â†’â˜†â†’è„šæœ¬è¿è¡Œç»“æŸâ†â˜…â†â˜…â†â˜…â†â˜…â†â˜…â†=
============================================

cd /home/svnback
./agent.py 
exit
Last login: Thu May 12 19:43:47 from 192.168.1.10
[root@backdata ~]# cd /home/svnback
[root@backdata svnback]# ./agent.py 
201
æ–‡ä»¶å·²ç»å­˜åœ¨
æ–‡ä»¶è·¯å¾„ï¼š /home/svnback
æ–‡ä»¶åˆå§‹åä¸ºï¼šbackup
æ–‡ä»¶ä¿®æ”¹åä¸ºï¼šbackup-201-2016-05-13
æ–‡ä»¶å·²ç»ç§»åŠ¨è‡³å¤‡ä»½ç›®å½•ä¸‹!!!!
backup
åˆ›å»ºç›®å½•æˆåŠŸandå·²ç»å­˜åœ¨
òroot@backdata svnback]# exit
logout

ç¨‹åºæ‰§è¡Œæ—¶é—´:104.863972 s
============================================
â†’â˜†â†’â˜†â†’â˜†â†’â˜†â†’è„šæœ¬è¿è¡Œç»“æŸâ†â˜…â†â˜…â†â˜…â†â˜…â†â˜…â†=
============================================

Last login: Fri May 13 17:22:58 from 192.168.1.93
[root@backdata ~]# [root@backdata svnback]# 201
æ–‡ä»¶å·²ç»å­˜åœ¨
æ–‡ä»¶è·¯å¾„ï¼š /home/svnback
æ–‡ä»¶åˆå§‹åä¸ºï¼šbackup
æ–‡ä»¶ä¿®æ”¹åä¸ºï¼šbackup-201-2016-05-14
æ–‡ä»¶å·²ç»ç§»åŠ¨è‡³å¤‡ä»½ç›®å½•ä¸‹!!!!
backup
åˆ›å»ºç›®å½•æˆåŠŸandå·²ç»å­˜åœ¨
[root@backdata svnback]# logout

ç¨‹åºæ‰§è¡Œæ—¶é—´:127.008465 s
============================================
â†’â˜†â†’â˜†â†’â˜†â†’â˜†â†’è„šæœ¬è¿è¡Œç»“æŸâ†â˜…â†â˜…â†â˜…â†â˜…â†â˜…â†=
============================================

cd /home/svnback
./agent.py 
exit
Last login: Sat May 14 00:12:13 from 192.168.1.201
[root@backdata ~]# cd /home/svnback
[root@backdata svnback]# ./agent.py 
201
æ–‡ä»¶å·²ç»å­˜åœ¨
æ–‡ä»¶è·¯å¾„ï¼š /home/svnback
æ–‡ä»¶åˆå§‹åä¸ºï¼šbackup
æ–‡ä»¶ä¿®æ”¹åä¸ºï¼šbackup-201-2016-05-15
æ–‡ä»¶å·²ç»ç§»åŠ¨è‡³å¤‡ä»½ç›®å½•ä¸‹!!!!
backup
åˆ›å»ºç›®å½•æˆåŠŸandå·²ç»å­˜åœ¨
[root@backdata svnback]# exit
logout

ç¨‹åºæ‰§è¡Œæ—¶é—´:128.688189 s
============================================
â†’â˜†â†’â˜†â†’â˜†â†’â˜†â†’è„šæœ¬è¿è¡Œç»“æŸâ†â˜…â†â˜…â†â˜…â†â˜…â†â˜…â†=
============================================

cd /home/svnback
./agent.py 
exit
Last login: Sun May 15 00:12:14 from 192.168.1.201
[root@backdata ~]# cd /home/svnback
[root@backdata svnback]# ./agent.py 
201
æ–‡ä»¶å·²ç»å­˜åœ¨
æ–‡ä»¶è·¯å¾„ï¼š /home/svnback
æ–‡ä»¶åˆå§‹åä¸ºï¼šbackup
æ–‡ä»¶ä¿®æ”¹åä¸ºï¼šbackup-201-2016-05-16
æ–‡ä»¶å·²ç»ç§»åŠ¨è‡³å¤‡ä»½ç›®å½•ä¸‹!!!!
backup
åˆ›å»ºç›®å½•æˆåŠŸandå·²ç»å­˜åœ¨
[root@backdata svnback]# exit
logout

ç¨‹åºæ‰§è¡Œæ—¶é—´:126.928705 s
============================================
â†’â˜†â†’â˜†â†’â˜†â†’â˜†â†’è„šæœ¬è¿è¡Œç»“æŸâ†â˜…â†â˜…â†â˜…â†â˜…â†â˜…â†=
============================================

cd /home/svnback
./agent.py 
exit
Last login: Mon May 16 09:54:39 from 192.168.1.112
[root@backdata ~]# cd /home/svnback
[root@backdata svnback]# ./agent.py 
201
æ–‡ä»¶å·²ç»å­˜åœ¨
æ–‡ä»¶è·¯å¾„ï¼š /home/svnback
æ–‡ä»¶åˆå§‹åä¸ºï¼šbackup
æ–‡ä»¶ä¿®æ”¹åä¸ºï¼šbackup-201-2016-05-17
æ–‡ä»¶å·²ç»ç§»åŠ¨è‡³å¤‡ä»½ç›®å½•ä¸‹!!!!
backup
åˆ›å»ºç›®å½•æˆåŠŸandå·²ç»å­˜åœ¨
[root@backdata svnback]# exit
logout

ç¨‹åºæ‰§è¡Œæ—¶é—´:129.646114 s
============================================
â†’â˜†â†’â˜†â†’â˜†â†’â˜†â†’è„šæœ¬è¿è¡Œç»“æŸâ†â˜…â†â˜…â†â˜…â†â˜…â†â˜…â†=
============================================

cd /home/svnback
./agent.py 
exit
Login incorrect

login: 
ç¨‹åºæ‰§è¡Œæ—¶é—´:263.915907 s
============================================
â†’â˜†â†’â˜†â†’â˜†â†’â˜†â†’è„šæœ¬è¿è¡Œç»“æŸâ†â˜…â†â˜…â†â˜…â†â˜…â†â˜…â†=
============================================

cd /home/svnback
./agent.py 
exit
Last login: Wed May 18 14:30:27 from 192.168.1.201
[root@backdata ~]# cd /home/svnback
-bash: cd: /home/svnback: æ²¡æœ‰é‚£ä¸ªæ–‡ä»¶æˆ–ç›®å½•
[root@backdata ~]# ./agent.py
-bash: ./agent.py: æ²¡æœ‰é‚£ä¸ªæ–‡ä»¶æˆ–ç›®å½•
[root@backdata ~]# exit
logout

ç¨‹åºæ‰§è¡Œæ—¶é—´:222.385429 s
============================================
â†’â˜†â†’â˜†â†’â˜†â†’â˜†â†’è„šæœ¬è¿è¡Œç»“æŸâ†â˜…â†â˜…â†â˜…â†â˜…â†â˜…â†=
============================================

cd /home/svnback
./agent.py 
exit
Last login: Wed May 18 14:50:12 from 192.168.1.112
[root@backdata ~]# cd /home/svnback
[root@backdata svnback]# ./agent.py 
201
æ–‡ä»¶å·²ç»å­˜åœ¨
æ–‡ä»¶è·¯å¾„ï¼š /home/svnback
æ–‡ä»¶åˆå§‹åä¸ºï¼šbackup
æ–‡ä»¶ä¿®æ”¹åä¸ºï¼šbackup-201-2016-05-18
æ–‡ä»¶å·²ç»ç§»åŠ¨è‡³å¤‡ä»½ç›®å½•ä¸‹!!!!
backup
åˆ›å»ºç›®å½•æˆåŠŸandå·²ç»å­˜åœ¨
[root@backdata svnback]# exit

ç¨‹åºæ‰§è¡Œæ—¶é—´:93.105195 s
============================================
â†’â˜†â†’â˜†â†’â˜†â†’â˜†â†’è„šæœ¬è¿è¡Œç»“æŸâ†â˜…â†â˜…â†â˜…â†â˜…â†â˜…â†=
============================================

cd /home/svnback
./agent.py 
exit
Last login: Wed May 18 20:26:33 from 192.168.1.10
[root@backdata ~]# cd /home/svnback
[root@backdata svnback]# ./agent.py 
201
æ–‡ä»¶å·²ç»å­˜åœ¨
æ–‡ä»¶è·¯å¾„ï¼š /home/svnback
æ–‡ä»¶åˆå§‹åä¸ºï¼šbackup
æ–‡ä»¶ä¿®æ”¹åä¸ºï¼šbackup-201-2016-05-19
æ–‡ä»¶å·²ç»ç§»åŠ¨è‡³å¤‡ä»½ç›®å½•ä¸‹!!!!
backup
åˆ›å»ºç›®å½•æˆåŠŸandå·²ç»å­˜åœ¨
òroot@backdata svnback]# exit
logout

ç¨‹åºæ‰§è¡Œæ—¶é—´:129.380951 s
============================================
â†’â˜†â†’â˜†â†’â˜†â†’â˜†â†’è„šæœ¬è¿è¡Œç»“æŸâ†â˜…â†â˜…â†â˜…â†â˜…â†â˜…â†=
============================================
